2025-11-28 20:29:55,248 - INFO - Starting Flask server on port 8862
2025-11-28 20:29:56,254 - INFO - Attempt 1/3 for register_peer_base
2025-11-28 20:29:56,763 - INFO - [31m[1mWARNING: This is a development server. Do not use it in a production deployment. Use a production WSGI server instead.[0m
 * Running on all addresses (0.0.0.0)
 * Running on http://127.0.0.1:8862
 * Running on http://192.168.18.174:8862
2025-11-28 20:29:56,767 - INFO - [33mPress CTRL+C to quit[0m
2025-11-28 20:29:57,826 - INFO - Starting Flask server on port 8023
2025-11-28 20:29:58,778 - INFO - [31m[1mWARNING: This is a development server. Do not use it in a production deployment. Use a production WSGI server instead.[0m
 * Running on all addresses (0.0.0.0)
 * Running on http://127.0.0.1:8023
 * Running on http://192.168.18.174:8023
2025-11-28 20:29:58,779 - INFO - [33mPress CTRL+C to quit[0m
2025-11-28 20:29:58,829 - INFO - Attempt 1/3 for register_peer_base
2025-11-28 20:30:00,718 - INFO - File list requested: 0 files
2025-11-28 20:30:00,723 - INFO - 127.0.0.1 - - [28/Nov/2025 20:30:00] "GET /files HTTP/1.1" 200 -
2025-11-28 20:30:02,932 - INFO - File list requested: 0 files
2025-11-28 20:30:02,936 - INFO - 127.0.0.1 - - [28/Nov/2025 20:30:02] "GET /files HTTP/1.1" 200 -
2025-11-28 20:31:39,274 - ERROR - [2025-11-28 20:31:39] ENCRYPTION ERROR: Failed to encrypt file
Exception: Encryption failed: name 'salt' is not defined
Traceback: Traceback (most recent call last):
  File "C:\Users\nehdi\OneDrive\Desktop\cn project original\ShareIt\encryption_module.py", line 40, in encrypt_file
    key = self._generate_key()
  File "C:\Users\nehdi\OneDrive\Desktop\cn project original\ShareIt\encryption_module.py", line 26, in _generate_key
    salt=salt,
         ^^^^
NameError: name 'salt' is not defined. Did you mean: 'self.salt'?

During handling of the above exception, another exception occurred:

Traceback (most recent call last):
  File "C:\Users\nehdi\OneDrive\Desktop\cn project original\ShareIt\proj_code.py", line 278, in upload_files
    encryptor.encrypt_file(file_path, encrypted_path)
    ~~~~~~~~~~~~~~~~~~~~~~^^^^^^^^^^^^^^^^^^^^^^^^^^^
  File "C:\Users\nehdi\OneDrive\Desktop\cn project original\ShareIt\encryption_module.py", line 61, in encrypt_file
    raise Exception(f"Encryption failed: {str(e)}")
Exception: Encryption failed: name 'salt' is not defined

2025-11-28 20:31:56,831 - INFO - Attempt 1/3 for upload_attempt
2025-11-28 20:31:56,891 - INFO - File 'DAA Project Report.docx' uploaded successfully
2025-11-28 20:31:56,895 - INFO - 127.0.0.1 - - [28/Nov/2025 20:31:56] "POST /upload HTTP/1.1" 200 -
2025-11-28 20:32:01,939 - INFO - File list requested: 1 files
2025-11-28 20:32:01,940 - INFO - 127.0.0.1 - - [28/Nov/2025 20:32:01] "GET /files HTTP/1.1" 200 -
2025-11-28 20:32:03,901 - INFO - File list requested: 1 files
2025-11-28 20:32:03,901 - INFO - 127.0.0.1 - - [28/Nov/2025 20:32:03] "GET /files HTTP/1.1" 200 -
2025-11-28 20:32:11,824 - INFO - File list requested: 1 files
2025-11-28 20:32:11,827 - INFO - 127.0.0.1 - - [28/Nov/2025 20:32:11] "GET /files HTTP/1.1" 200 -
2025-11-28 20:32:15,393 - INFO - File list requested: 1 files
2025-11-28 20:32:15,394 - INFO - 127.0.0.1 - - [28/Nov/2025 20:32:15] "GET /files HTTP/1.1" 200 -
2025-11-28 20:32:24,454 - INFO - Attempt 1/3 for request_file_from_peer_base
2025-11-28 20:32:24,490 - INFO - File 'DAA Project Report.docx' downloaded by peer
2025-11-28 20:32:24,676 - INFO - 127.0.0.1 - - [28/Nov/2025 20:32:24] "GET /download/DAA%20Project%20Report.docx HTTP/1.1" 200 -
2025-11-28 20:33:36,570 - ERROR - [2025-11-28 20:33:36] ENCRYPTION ERROR: Failed to encrypt file
Exception: Encryption failed: name 'salt' is not defined
Traceback: Traceback (most recent call last):
  File "C:\Users\nehdi\OneDrive\Desktop\cn project original\ShareIt\encryption_module.py", line 40, in encrypt_file
    key = self._generate_key()
  File "C:\Users\nehdi\OneDrive\Desktop\cn project original\ShareIt\encryption_module.py", line 26, in _generate_key
    salt=salt,
         ^^^^
NameError: name 'salt' is not defined. Did you mean: 'self.salt'?

During handling of the above exception, another exception occurred:

Traceback (most recent call last):
  File "C:\Users\nehdi\OneDrive\Desktop\cn project original\ShareIt\proj_code.py", line 278, in upload_files
    encryptor.encrypt_file(file_path, encrypted_path)
    ~~~~~~~~~~~~~~~~~~~~~~^^^^^^^^^^^^^^^^^^^^^^^^^^^
  File "C:\Users\nehdi\OneDrive\Desktop\cn project original\ShareIt\encryption_module.py", line 61, in encrypt_file
    raise Exception(f"Encryption failed: {str(e)}")
Exception: Encryption failed: name 'salt' is not defined

2025-11-28 20:34:39,786 - ERROR - [2025-11-28 20:34:39] ENCRYPTION ERROR: Failed to encrypt file
Exception: Encryption failed: name 'salt' is not defined
Traceback: Traceback (most recent call last):
  File "C:\Users\nehdi\OneDrive\Desktop\cn project original\ShareIt\encryption_module.py", line 40, in encrypt_file
    key = self._generate_key()
  File "C:\Users\nehdi\OneDrive\Desktop\cn project original\ShareIt\encryption_module.py", line 26, in _generate_key
    salt=salt,
         ^^^^
NameError: name 'salt' is not defined. Did you mean: 'self.salt'?

During handling of the above exception, another exception occurred:

Traceback (most recent call last):
  File "C:\Users\nehdi\OneDrive\Desktop\cn project original\ShareIt\proj_code.py", line 278, in upload_files
    encryptor.encrypt_file(file_path, encrypted_path)
    ~~~~~~~~~~~~~~~~~~~~~~^^^^^^^^^^^^^^^^^^^^^^^^^^^
  File "C:\Users\nehdi\OneDrive\Desktop\cn project original\ShareIt\encryption_module.py", line 61, in encrypt_file
    raise Exception(f"Encryption failed: {str(e)}")
Exception: Encryption failed: name 'salt' is not defined

2025-11-28 21:31:05,747 - INFO - Starting Flask server on port 8824
2025-11-28 21:31:06,753 - INFO - Attempt 1/3 for register_peer_base
2025-11-28 21:31:06,987 - INFO - Starting Flask server on port 8507
2025-11-28 21:31:07,203 - INFO - [31m[1mWARNING: This is a development server. Do not use it in a production deployment. Use a production WSGI server instead.[0m
 * Running on all addresses (0.0.0.0)
 * Running on http://127.0.0.1:8824
 * Running on http://192.168.18.174:8824
2025-11-28 21:31:07,205 - INFO - [33mPress CTRL+C to quit[0m
2025-11-28 21:31:07,990 - INFO - Attempt 1/3 for register_peer_base
2025-11-28 21:31:08,324 - INFO - [31m[1mWARNING: This is a development server. Do not use it in a production deployment. Use a production WSGI server instead.[0m
 * Running on all addresses (0.0.0.0)
 * Running on http://127.0.0.1:8507
 * Running on http://192.168.18.174:8507
2025-11-28 21:31:08,327 - INFO - [33mPress CTRL+C to quit[0m
2025-11-28 21:31:08,463 - INFO - File list requested: 1 files
2025-11-28 21:31:08,466 - INFO - 127.0.0.1 - - [28/Nov/2025 21:31:08] "GET /files HTTP/1.1" 200 -
2025-11-28 21:31:09,953 - INFO - File list requested: 1 files
2025-11-28 21:31:09,957 - INFO - 127.0.0.1 - - [28/Nov/2025 21:31:09] "GET /files HTTP/1.1" 200 -
2025-11-28 21:31:35,402 - ERROR - [2025-11-28 21:31:35] ENCRYPTION ERROR: Failed to encrypt file
Exception: Encryption failed: name 'salt' is not defined
Traceback: Traceback (most recent call last):
  File "C:\Users\nehdi\OneDrive\Desktop\cn project original\ShareIt\encryption_module.py", line 40, in encrypt_file
    key = self._generate_key()
  File "C:\Users\nehdi\OneDrive\Desktop\cn project original\ShareIt\encryption_module.py", line 26, in _generate_key
    salt=salt,
         ^^^^
NameError: name 'salt' is not defined. Did you mean: 'self.salt'?

During handling of the above exception, another exception occurred:

Traceback (most recent call last):
  File "C:\Users\nehdi\OneDrive\Desktop\cn project original\ShareIt\proj_code.py", line 305, in upload_files
    temp_encryptor.encrypt_file(file_path, encrypted_path)
    ~~~~~~~~~~~~~~~~~~~~~~~~~~~^^^^^^^^^^^^^^^^^^^^^^^^^^^
  File "C:\Users\nehdi\OneDrive\Desktop\cn project original\ShareIt\encryption_module.py", line 61, in encrypt_file
    raise Exception(f"Encryption failed: {str(e)}")
Exception: Encryption failed: name 'salt' is not defined

2025-11-28 21:33:35,116 - ERROR - [2025-11-28 21:33:35] ENCRYPTION ERROR: Failed to encrypt file
Exception: Encryption failed: name 'salt' is not defined
Traceback: Traceback (most recent call last):
  File "C:\Users\nehdi\OneDrive\Desktop\cn project original\ShareIt\encryption_module.py", line 40, in encrypt_file
    key = self._generate_key()
  File "C:\Users\nehdi\OneDrive\Desktop\cn project original\ShareIt\encryption_module.py", line 26, in _generate_key
    salt=salt,
         ^^^^
NameError: name 'salt' is not defined. Did you mean: 'self.salt'?

During handling of the above exception, another exception occurred:

Traceback (most recent call last):
  File "C:\Users\nehdi\OneDrive\Desktop\cn project original\ShareIt\proj_code.py", line 305, in upload_files
    temp_encryptor.encrypt_file(file_path, encrypted_path)
    ~~~~~~~~~~~~~~~~~~~~~~~~~~~^^^^^^^^^^^^^^^^^^^^^^^^^^^
  File "C:\Users\nehdi\OneDrive\Desktop\cn project original\ShareIt\encryption_module.py", line 61, in encrypt_file
    raise Exception(f"Encryption failed: {str(e)}")
Exception: Encryption failed: name 'salt' is not defined

2025-11-28 21:47:40,024 - INFO - Starting Flask server on port 8150
2025-11-28 21:47:40,871 - INFO - Starting Flask server on port 8363
2025-11-28 21:47:41,025 - INFO - Attempt 1/3 for register_peer_base
2025-11-28 21:47:41,417 - INFO - [31m[1mWARNING: This is a development server. Do not use it in a production deployment. Use a production WSGI server instead.[0m
 * Running on all addresses (0.0.0.0)
 * Running on http://127.0.0.1:8150
 * Running on http://192.168.18.174:8150
2025-11-28 21:47:41,418 - INFO - [33mPress CTRL+C to quit[0m
2025-11-28 21:47:41,878 - INFO - Attempt 1/3 for register_peer_base
2025-11-28 21:47:41,965 - INFO - Starting Flask server on port 8363
2025-11-28 21:47:42,244 - INFO - [31m[1mWARNING: This is a development server. Do not use it in a production deployment. Use a production WSGI server instead.[0m
 * Running on all addresses (0.0.0.0)
 * Running on http://127.0.0.1:8363
 * Running on http://192.168.18.174:8363
2025-11-28 21:47:42,247 - INFO - [33mPress CTRL+C to quit[0m
2025-11-28 21:47:42,836 - INFO - [31m[1mWARNING: This is a development server. Do not use it in a production deployment. Use a production WSGI server instead.[0m
 * Running on all addresses (0.0.0.0)
 * Running on http://127.0.0.1:8363
 * Running on http://192.168.18.174:8363
2025-11-28 21:47:42,837 - INFO - [33mPress CTRL+C to quit[0m
2025-11-28 21:47:42,966 - INFO - Attempt 1/3 for register_peer_base
2025-11-28 21:47:43,762 - INFO - File list requested: 1 files
2025-11-28 21:47:43,764 - INFO - 127.0.0.1 - - [28/Nov/2025 21:47:43] "GET /files HTTP/1.1" 200 -
2025-11-28 21:47:44,783 - INFO - File list requested: 1 files
2025-11-28 21:47:44,786 - INFO - 127.0.0.1 - - [28/Nov/2025 21:47:44] "GET /files HTTP/1.1" 200 -
2025-11-28 21:48:05,939 - INFO - Attempt 1/3 for upload_attempt
2025-11-28 21:48:06,027 - INFO - Encrypted file 'DAA Project Report.docx.encrypted' uploaded successfully
2025-11-28 21:48:06,042 - INFO - 127.0.0.1 - - [28/Nov/2025 21:48:06] "POST /upload HTTP/1.1" 200 -
2025-11-28 21:48:12,158 - INFO - File list requested: 2 files
2025-11-28 21:48:12,162 - INFO - 127.0.0.1 - - [28/Nov/2025 21:48:12] "GET /files HTTP/1.1" 200 -
2025-11-28 21:48:16,170 - INFO - File list requested: 2 files
2025-11-28 21:48:16,172 - INFO - 127.0.0.1 - - [28/Nov/2025 21:48:16] "GET /files HTTP/1.1" 200 -
2025-11-28 21:48:26,252 - INFO - Attempt 1/3 for request_file_from_peer_base
2025-11-28 21:48:26,260 - INFO - File 'DAA Project Report.docx.encrypted' downloaded by peer
2025-11-28 21:48:26,574 - INFO - 127.0.0.1 - - [28/Nov/2025 21:48:26] "GET /download/DAA%20Project%20Report.docx.encrypted HTTP/1.1" 200 -
2025-11-28 21:48:26,799 - INFO - File decrypted: DAA Project Report.docx.encrypted
2025-11-28 21:49:53,321 - INFO - Attempt 1/3 for upload_attempt
2025-11-28 21:49:53,398 - INFO - Encrypted file 'Lab 10 (23K-0770).docx.encrypted' uploaded successfully
2025-11-28 21:49:53,406 - INFO - 127.0.0.1 - - [28/Nov/2025 21:49:53] "POST /upload HTTP/1.1" 200 -
2025-11-28 21:49:56,387 - INFO - File list requested: 3 files
2025-11-28 21:49:56,388 - INFO - 127.0.0.1 - - [28/Nov/2025 21:49:56] "GET /files HTTP/1.1" 200 -
2025-11-28 21:50:00,366 - INFO - File list requested: 3 files
2025-11-28 21:50:00,368 - INFO - 127.0.0.1 - - [28/Nov/2025 21:50:00] "GET /files HTTP/1.1" 200 -
2025-11-28 21:50:13,440 - INFO - Attempt 1/3 for request_file_from_peer_base
2025-11-28 21:50:13,458 - INFO - File 'Lab 10 (23K-0770).docx.encrypted' downloaded by peer
2025-11-28 21:50:13,673 - INFO - 127.0.0.1 - - [28/Nov/2025 21:50:13] "GET /download/Lab%2010%20(23K-0770).docx.encrypted HTTP/1.1" 200 -
2025-11-28 21:50:13,838 - INFO - File decrypted: Lab 10 (23K-0770).docx.encrypted
2025-11-28 22:00:29,996 - INFO - Attempt 1/3 for upload_attempt
2025-11-28 22:00:30,227 - INFO - Encrypted file 'CN lab 10.pdf.encrypted' uploaded successfully
2025-11-28 22:00:30,264 - INFO - 127.0.0.1 - - [28/Nov/2025 22:00:30] "POST /upload HTTP/1.1" 200 -
2025-11-28 22:00:38,618 - INFO - File list requested: 4 files
2025-11-28 22:00:38,619 - INFO - 127.0.0.1 - - [28/Nov/2025 22:00:38] "GET /files HTTP/1.1" 200 -
2025-11-28 22:00:43,199 - INFO - File list requested: 4 files
2025-11-28 22:00:43,201 - INFO - 127.0.0.1 - - [28/Nov/2025 22:00:43] "GET /files HTTP/1.1" 200 -
2025-11-28 22:01:38,416 - INFO - Attempt 1/3 for request_file_from_peer_base
2025-11-28 22:01:38,450 - INFO - File 'Lab 10 (23K-0770).docx.encrypted' downloaded by peer
2025-11-28 22:01:38,487 - INFO - 127.0.0.1 - - [28/Nov/2025 22:01:38] "GET /download/Lab%2010%20(23K-0770).docx.encrypted HTTP/1.1" 200 -
2025-11-28 22:01:38,808 - INFO - File decrypted: Lab 10 (23K-0770).docx.encrypted
2025-11-28 22:12:06,347 - INFO - Starting Flask server on port 8475
2025-11-28 22:12:07,348 - INFO - Attempt 1/3 for register_peer_base
2025-11-28 22:12:07,650 - INFO - [31m[1mWARNING: This is a development server. Do not use it in a production deployment. Use a production WSGI server instead.[0m
 * Running on all addresses (0.0.0.0)
 * Running on http://127.0.0.1:8475
 * Running on http://192.168.18.174:8475
2025-11-28 22:12:07,651 - INFO - [33mPress CTRL+C to quit[0m
2025-11-28 22:12:10,766 - INFO - Starting Flask server on port 8108
2025-11-28 22:12:11,683 - INFO - [31m[1mWARNING: This is a development server. Do not use it in a production deployment. Use a production WSGI server instead.[0m
 * Running on all addresses (0.0.0.0)
 * Running on http://127.0.0.1:8108
 * Running on http://192.168.18.174:8108
2025-11-28 22:12:11,685 - INFO - [33mPress CTRL+C to quit[0m
2025-11-28 22:12:11,768 - INFO - Attempt 1/3 for register_peer_base
2025-11-28 22:12:21,757 - INFO - File list requested: 4 files
2025-11-28 22:12:21,759 - INFO - 127.0.0.1 - - [28/Nov/2025 22:12:21] "GET /files HTTP/1.1" 200 -
2025-11-28 22:12:23,140 - INFO - File list requested: 4 files
2025-11-28 22:12:23,142 - INFO - 127.0.0.1 - - [28/Nov/2025 22:12:23] "GET /files HTTP/1.1" 200 -
2025-11-28 22:12:48,967 - INFO - Attempt 1/3 for upload_attempt
2025-11-28 22:12:49,035 - INFO - Encrypted file '5090_w22_ms_22.pdf.encrypted' uploaded successfully
2025-11-28 22:12:49,038 - INFO - 127.0.0.1 - - [28/Nov/2025 22:12:49] "POST /upload HTTP/1.1" 200 -
2025-11-28 22:12:54,953 - INFO - File list requested: 5 files
2025-11-28 22:12:54,958 - INFO - 127.0.0.1 - - [28/Nov/2025 22:12:54] "GET /files HTTP/1.1" 200 -
2025-11-28 22:12:59,955 - INFO - File list requested: 5 files
2025-11-28 22:12:59,957 - INFO - 127.0.0.1 - - [28/Nov/2025 22:12:59] "GET /files HTTP/1.1" 200 -
2025-11-28 22:13:10,370 - INFO - Attempt 1/3 for request_file_from_peer_base
2025-11-28 22:13:10,437 - INFO - File '5090_w22_ms_22.pdf.encrypted' downloaded by peer
2025-11-28 22:13:10,716 - INFO - 127.0.0.1 - - [28/Nov/2025 22:13:10] "GET /download/5090_w22_ms_22.pdf.encrypted HTTP/1.1" 200 -
2025-11-28 22:13:10,895 - INFO - File decrypted: 5090_w22_ms_22.pdf.encrypted
2025-11-28 22:14:08,097 - INFO - File list requested: 5 files
2025-11-28 22:14:08,099 - INFO - 127.0.0.1 - - [28/Nov/2025 22:14:08] "GET /files HTTP/1.1" 200 -
2025-11-28 22:18:46,447 - INFO - File list requested: 5 files
2025-11-28 22:18:46,449 - INFO - 127.0.0.1 - - [28/Nov/2025 22:18:46] "GET /files HTTP/1.1" 200 -
